2026-08-05 17:27:41 [INFO] MCGate vdev
2026-08-05 17:27:41 [INFO] Network interface 'utun35' (point-to-point): fe80:0:0:0:a52d:fa0d:6516:9aec%utun35
2026-08-05 17:27:41 [INFO] Network interface 'utun34' (point-to-point): fe80:0:0:0:4db1:a8f4:5417:4e6f%utun34
2026-08-05 17:27:41 [INFO] Network interface 'utun19' (point-to-point): fe80:0:0:0:b8:7285:b3ca:53e5%utun19
2026-08-05 17:27:41 [INFO] Network interface 'utun18' (point-to-point): fe80:0:0:0:221c:dd06:3c50:5ad2%utun18
2026-08-05 17:27:41 [INFO] Network interface 'utun17' (point-to-point): fe80:0:0:0:9603:ecec:6a47:d2aa%utun17
2026-08-05 17:27:41 [INFO] Network interface 'utun16' (point-to-point): fe80:0:0:0:b809:b0df:2453:cc9a%utun16
2026-08-05 17:27:41 [INFO] Network interface 'llw0': fe80:0:0:0:5c8f:54ff:fe72:d006%llw0
2026-08-05 17:27:41 [INFO] Network interface 'awdl0': fe80:0:0:0:5c8f:54ff:fe72:d006%awdl0
2026-08-05 17:27:41 [INFO] Network interface 'utun3' (point-to-point): fe80:0:0:0:ce81:b1c:bd2c:69e%utun3
2026-08-05 17:27:41 [INFO] Network interface 'utun2' (point-to-point): fe80:0:0:0:851a:8c97:feb8:403b%utun2
2026-08-05 17:27:41 [INFO] Network interface 'utun1' (point-to-point): fe80:0:0:0:3ecd:53a4:870a:7e95%utun1
2026-08-05 17:27:41 [INFO] Network interface 'utun0' (point-to-point): fe80:0:0:0:2743:c28f:f36d:5418%utun0
2026-08-05 17:27:41 [INFO] Network interface 'en9': fe80:0:0:0:100e:f763:ac40:84bb%en9, 172.27.92.100
2026-08-05 17:27:41 [INFO] Network interface 'en0': fe80:0:0:0:cf7:4a65:bc87:2ba2%en0, 172.27.92.97
2026-08-05 17:27:41 [INFO] Network interface 'lo0' (loopback): fe80:0:0:0:0:0:0:1%lo0, 0:0:0:0:0:0:0:1%lo0, 127.0.0.1
2026-08-05 17:27:41 [INFO] Loaded messages from /tmp/mcgate-players-test/messages.yml
2026-08-05 17:27:42 [INFO] Loaded 2 route(s) from /tmp/mcgate-players-test/config.yml
2026-08-05 17:35:18 [INFO] Connection tracking enabled, writing to /var/folders/n_/x083l1xx61s4y8_0wcf20bl40000gn/T/mcgate-tracking-test7331322180653719274/connections.db
2026-08-05 17:35:18 [WARN] Connection tracking queue full, dropping records (1 dropped since last notice)
2026-08-05 17:35:18 [WARN] Connection tracking queue full, dropping records (500 dropped since last notice)
2026-08-05 17:35:18 [WARN] Connection tracking queue full, dropping records (1000 dropped since last notice)
2026-08-05 17:35:18 [WARN] Connection tracking queue full, dropping records (1500 dropped since last notice)
2026-08-05 17:35:19 [INFO] Connection tracking enabled, writing to /var/folders/n_/x083l1xx61s4y8_0wcf20bl40000gn/T/mcgate-tracking-test14157101959783947215/connections.db
2026-08-05 17:35:19 [INFO] Connection tracking enabled, writing to /var/folders/n_/x083l1xx61s4y8_0wcf20bl40000gn/T/mcgate-tracking-test2508718550345053462/connections.db
2026-08-05 17:35:19 [INFO] Connection tracking enabled, writing to /var/folders/n_/x083l1xx61s4y8_0wcf20bl40000gn/T/mcgate-tracking-test5984613915067033808/connections.db
2026-08-05 17:35:19 [INFO] Connection tracking enabled, writing to /var/folders/n_/x083l1xx61s4y8_0wcf20bl40000gn/T/mcgate-tracking-test14810710420448003343/connections.db
2026-08-05 17:35:19 [INFO] Connection tracking enabled, writing to /var/folders/n_/x083l1xx61s4y8_0wcf20bl40000gn/T/mcgate-tracking-test16076599562592798442/connections.db
2026-08-05 17:51:06 [INFO] Stats logging enabled, writing to /var/folders/n_/x083l1xx61s4y8_0wcf20bl40000gn/T/mcgate-stats-test17663409953363979336/stats.db every 100ms
2026-08-05 17:51:06 [INFO] Stats logging enabled, writing to /var/folders/n_/x083l1xx61s4y8_0wcf20bl40000gn/T/mcgate-stats-test6810019088689839759/stats.db every 100ms
2026-08-05 17:51:07 [INFO] Stats logging enabled, writing to /var/folders/n_/x083l1xx61s4y8_0wcf20bl40000gn/T/mcgate-stats-test13269908631558394875/stats.db every 30ms
2026-08-05 17:51:17 [INFO] Connection tracking enabled, writing to /var/folders/n_/x083l1xx61s4y8_0wcf20bl40000gn/T/mcgate-tracking-test3552896092277084368/connections.db
2026-08-05 17:51:17 [WARN] Connection tracking queue full, dropping records (1 dropped since last notice)
2026-08-05 17:51:17 [WARN] Connection tracking queue full, dropping records (500 dropped since last notice)
2026-08-05 17:51:17 [WARN] Connection tracking queue full, dropping records (1000 dropped since last notice)
2026-08-05 17:51:17 [INFO] Connection tracking enabled, writing to /var/folders/n_/x083l1xx61s4y8_0wcf20bl40000gn/T/mcgate-tracking-test16030368116416883983/connections.db
2026-08-05 17:51:17 [INFO] Connection tracking enabled, writing to /var/folders/n_/x083l1xx61s4y8_0wcf20bl40000gn/T/mcgate-tracking-test12434426623100542175/connections.db
2026-08-05 17:51:17 [INFO] Connection tracking enabled, writing to /var/folders/n_/x083l1xx61s4y8_0wcf20bl40000gn/T/mcgate-tracking-test18399126687587810213/connections.db
2026-08-05 17:51:17 [INFO] Connection tracking enabled, writing to /var/folders/n_/x083l1xx61s4y8_0wcf20bl40000gn/T/mcgate-tracking-test17848103723167654054/connections.db
2026-08-05 17:51:18 [INFO] Connection tracking enabled, writing to /var/folders/n_/x083l1xx61s4y8_0wcf20bl40000gn/T/mcgate-tracking-test4752441214653387517/connections.db
2026-08-05 17:52:21 [INFO] Stats logging enabled, writing to /var/folders/n_/x083l1xx61s4y8_0wcf20bl40000gn/T/mcgate-stats-test7902802892207326991/stats.db every 100ms
2026-08-05 17:52:22 [INFO] Stats logging enabled, writing to /var/folders/n_/x083l1xx61s4y8_0wcf20bl40000gn/T/mcgate-stats-test10151826954452748176/stats.db every 100ms
2026-08-05 17:52:22 [INFO] Stats logging enabled, writing to /var/folders/n_/x083l1xx61s4y8_0wcf20bl40000gn/T/mcgate-stats-test9657918729071202837/stats.db every 30ms
2026-08-05 17:52:32 [INFO] Connection tracking enabled, writing to /var/folders/n_/x083l1xx61s4y8_0wcf20bl40000gn/T/mcgate-tracking-test1077362613701199745/connections.db
2026-08-05 17:52:32 [WARN] Connection tracking queue full, dropping records (1 dropped since last notice)
2026-08-05 17:52:32 [WARN] Connection tracking queue full, dropping records (500 dropped since last notice)
2026-08-05 17:52:32 [WARN] Connection tracking queue full, dropping records (1000 dropped since last notice)
2026-08-05 17:52:32 [INFO] Connection tracking enabled, writing to /var/folders/n_/x083l1xx61s4y8_0wcf20bl40000gn/T/mcgate-tracking-test11852992561190849860/connections.db
2026-08-05 17:52:32 [INFO] Connection tracking enabled, writing to /var/folders/n_/x083l1xx61s4y8_0wcf20bl40000gn/T/mcgate-tracking-test8818813074887235516/connections.db
2026-08-05 17:52:32 [INFO] Connection tracking enabled, writing to /var/folders/n_/x083l1xx61s4y8_0wcf20bl40000gn/T/mcgate-tracking-test12025033523094745369/connections.db
2026-08-05 17:52:32 [INFO] Connection tracking enabled, writing to /var/folders/n_/x083l1xx61s4y8_0wcf20bl40000gn/T/mcgate-tracking-test3389928467709029581/connections.db
2026-08-05 17:52:33 [INFO] Connection tracking enabled, writing to /var/folders/n_/x083l1xx61s4y8_0wcf20bl40000gn/T/mcgate-tracking-test7793388120712941891/connections.db
2026-08-12 16:07:34 [INFO] Stats logging enabled, writing to /var/folders/n_/x083l1xx61s4y8_0wcf20bl40000gn/T/mcgate-stats-test8071781717898884622/stats.db every 100ms
2026-08-12 16:07:34 [INFO] Stats logging enabled, writing to /var/folders/n_/x083l1xx61s4y8_0wcf20bl40000gn/T/mcgate-stats-test5864194298974474146/stats.db every 100ms
2026-08-12 16:07:35 [INFO] Stats logging enabled, writing to /var/folders/n_/x083l1xx61s4y8_0wcf20bl40000gn/T/mcgate-stats-test4052930280645629955/stats.db every 30ms
2026-08-12 16:07:45 [INFO] Connection tracking enabled, writing to /var/folders/n_/x083l1xx61s4y8_0wcf20bl40000gn/T/mcgate-tracking-test17713325359700151147/connections.db
2026-08-12 16:07:45 [WARN] Connection tracking queue full, dropping records (1 dropped since last notice)
2026-08-12 16:07:45 [WARN] Connection tracking queue full, dropping records (500 dropped since last notice)
2026-08-12 16:07:45 [WARN] Connection tracking queue full, dropping records (1000 dropped since last notice)
2026-08-12 16:07:45 [INFO] Connection tracking enabled, writing to /var/folders/n_/x083l1xx61s4y8_0wcf20bl40000gn/T/mcgate-tracking-test11148064607206377432/connections.db
2026-08-12 16:07:45 [INFO] Connection tracking enabled, writing to /var/folders/n_/x083l1xx61s4y8_0wcf20bl40000gn/T/mcgate-tracking-test11475817671774771223/connections.db
2026-08-12 16:07:45 [INFO] Connection tracking enabled, writing to /var/folders/n_/x083l1xx61s4y8_0wcf20bl40000gn/T/mcgate-tracking-test9858936307124546727/connections.db
2026-08-12 16:07:45 [INFO] Connection tracking enabled, writing to /var/folders/n_/x083l1xx61s4y8_0wcf20bl40000gn/T/mcgate-tracking-test1721254376277991279/connections.db
2026-08-12 16:07:46 [INFO] Connection tracking enabled, writing to /var/folders/n_/x083l1xx61s4y8_0wcf20bl40000gn/T/mcgate-tracking-test11402452632520731975/connections.db
2026-09-06 17:03:02 [INFO] Stats logging enabled, writing to /var/folders/n_/x083l1xx61s4y8_0wcf20bl40000gn/T/mcgate-stats-test11887941968608276933/stats.db every 100ms
2026-09-06 17:03:02 [INFO] Stats logging enabled, writing to /var/folders/n_/x083l1xx61s4y8_0wcf20bl40000gn/T/mcgate-stats-test17527886568954102802/stats.db every 100ms
2026-09-06 17:03:02 [INFO] Stats logging enabled, writing to /var/folders/n_/x083l1xx61s4y8_0wcf20bl40000gn/T/mcgate-stats-test1246435076874147762/stats.db every 30ms
2026-09-06 17:03:12 [INFO] Connection tracking enabled, writing to /var/folders/n_/x083l1xx61s4y8_0wcf20bl40000gn/T/mcgate-tracking-test13725442709104021641/connections.db
2026-09-06 17:03:12 [WARN] Connection tracking queue full, dropping records (1 dropped since last notice)
2026-09-06 17:03:12 [WARN] Connection tracking queue full, dropping records (500 dropped since last notice)
2026-09-06 17:03:12 [WARN] Connection tracking queue full, dropping records (1000 dropped since last notice)
2026-09-06 17:03:12 [WARN] Connection tracking queue full, dropping records (1500 dropped since last notice)
2026-09-06 17:03:13 [INFO] Connection tracking enabled, writing to /var/folders/n_/x083l1xx61s4y8_0wcf20bl40000gn/T/mcgate-tracking-test6796950909575003005/connections.db
2026-09-06 17:03:13 [INFO] Connection tracking enabled, writing to /var/folders/n_/x083l1xx61s4y8_0wcf20bl40000gn/T/mcgate-tracking-test14060985269883996440/connections.db
2026-09-06 17:03:13 [INFO] Connection tracking enabled, writing to /var/folders/n_/x083l1xx61s4y8_0wcf20bl40000gn/T/mcgate-tracking-test6582815563518245376/connections.db
2026-09-06 17:03:13 [INFO] Connection tracking enabled, writing to /var/folders/n_/x083l1xx61s4y8_0wcf20bl40000gn/T/mcgate-tracking-test556702292484512292/connections.db
2026-09-06 17:03:13 [INFO] Connection tracking enabled, writing to /var/folders/n_/x083l1xx61s4y8_0wcf20bl40000gn/T/mcgate-tracking-test5375124694345068875/connections.db
2026-09-06 17:03:21 [INFO] Stats logging enabled, writing to /var/folders/n_/x083l1xx61s4y8_0wcf20bl40000gn/T/mcgate-stats-test9228270571293278586/stats.db every 100ms
2026-09-06 17:03:21 [INFO] Stats logging enabled, writing to /var/folders/n_/x083l1xx61s4y8_0wcf20bl40000gn/T/mcgate-stats-test6042044822310062946/stats.db every 100ms
2026-09-06 17:03:21 [INFO] Stats logging enabled, writing to /var/folders/n_/x083l1xx61s4y8_0wcf20bl40000gn/T/mcgate-stats-test9395836824467328059/stats.db every 30ms
2026-09-06 17:03:31 [INFO] Connection tracking enabled, writing to /var/folders/n_/x083l1xx61s4y8_0wcf20bl40000gn/T/mcgate-tracking-test4281328433059618588/connections.db
2026-09-06 17:03:31 [WARN] Connection tracking queue full, dropping records (1 dropped since last notice)
2026-09-06 17:03:31 [WARN] Connection tracking queue full, dropping records (500 dropped since last notice)
2026-09-06 17:03:31 [WARN] Connection tracking queue full, dropping records (1000 dropped since last notice)
2026-09-06 17:03:32 [INFO] Connection tracking enabled, writing to /var/folders/n_/x083l1xx61s4y8_0wcf20bl40000gn/T/mcgate-tracking-test4777604145315019853/connections.db
2026-09-06 17:03:32 [INFO] Connection tracking enabled, writing to /var/folders/n_/x083l1xx61s4y8_0wcf20bl40000gn/T/mcgate-tracking-test12613224544366353287/connections.db
2026-09-06 17:03:32 [INFO] Connection tracking enabled, writing to /var/folders/n_/x083l1xx61s4y8_0wcf20bl40000gn/T/mcgate-tracking-test3561302447712377756/connections.db
2026-09-06 17:03:32 [INFO] Connection tracking enabled, writing to /var/folders/n_/x083l1xx61s4y8_0wcf20bl40000gn/T/mcgate-tracking-test5256152873619175081/connections.db
2026-09-06 17:03:32 [INFO] Connection tracking enabled, writing to /var/folders/n_/x083l1xx61s4y8_0wcf20bl40000gn/T/mcgate-tracking-test12908230091107249038/connections.db
2026-09-06 17:04:40 [INFO] Stats logging enabled, writing to /var/folders/n_/x083l1xx61s4y8_0wcf20bl40000gn/T/mcgate-stats-test12591664607760611748/stats.db every 100ms
2026-09-06 17:04:40 [INFO] Stats logging enabled, writing to /var/folders/n_/x083l1xx61s4y8_0wcf20bl40000gn/T/mcgate-stats-test5512232897427907500/stats.db every 100ms
2026-09-06 17:04:40 [INFO] Stats logging enabled, writing to /var/folders/n_/x083l1xx61s4y8_0wcf20bl40000gn/T/mcgate-stats-test1377573549002494794/stats.db every 30ms
2026-09-06 17:04:51 [INFO] Connection tracking enabled, writing to /var/folders/n_/x083l1xx61s4y8_0wcf20bl40000gn/T/mcgate-tracking-test18273264495070867954/connections.db
2026-09-06 17:04:51 [WARN] Connection tracking queue full, dropping records (1 dropped since last notice)
2026-09-06 17:04:51 [WARN] Connection tracking queue full, dropping records (500 dropped since last notice)
2026-09-06 17:04:51 [WARN] Connection tracking queue full, dropping records (1000 dropped since last notice)
2026-09-06 17:04:51 [INFO] Connection tracking enabled, writing to /var/folders/n_/x083l1xx61s4y8_0wcf20bl40000gn/T/mcgate-tracking-test10320295536470132293/connections.db
2026-09-06 17:04:51 [INFO] Connection tracking enabled, writing to /var/folders/n_/x083l1xx61s4y8_0wcf20bl40000gn/T/mcgate-tracking-test8037948507133598128/connections.db
2026-09-06 17:04:51 [INFO] Connection tracking enabled, writing to /var/folders/n_/x083l1xx61s4y8_0wcf20bl40000gn/T/mcgate-tracking-test12142465204477270674/connections.db
2026-09-06 17:04:51 [INFO] Connection tracking enabled, writing to /var/folders/n_/x083l1xx61s4y8_0wcf20bl40000gn/T/mcgate-tracking-test7731510644976269288/connections.db
2026-09-06 17:04:52 [INFO] Connection tracking enabled, writing to /var/folders/n_/x083l1xx61s4y8_0wcf20bl40000gn/T/mcgate-tracking-test14737804500060933094/connections.db
2026-09-06 17:07:08 [INFO] Stats logging enabled, writing to /var/folders/n_/x083l1xx61s4y8_0wcf20bl40000gn/T/mcgate-stats-test49535604679126152/stats.db every 100ms
2026-09-06 17:07:08 [INFO] Stats logging enabled, writing to /var/folders/n_/x083l1xx61s4y8_0wcf20bl40000gn/T/mcgate-stats-test17739824931450788665/stats.db every 100ms
2026-09-06 17:07:08 [INFO] Stats logging enabled, writing to /var/folders/n_/x083l1xx61s4y8_0wcf20bl40000gn/T/mcgate-stats-test402035435054236065/stats.db every 30ms
2026-09-06 17:07:18 [INFO] Connection tracking enabled, writing to /var/folders/n_/x083l1xx61s4y8_0wcf20bl40000gn/T/mcgate-tracking-test12674196212620178852/connections.db
2026-09-06 17:07:18 [WARN] Connection tracking queue full, dropping records (1 dropped since last notice)
2026-09-06 17:07:18 [WARN] Connection tracking queue full, dropping records (500 dropped since last notice)
2026-09-06 17:07:18 [WARN] Connection tracking queue full, dropping records (1000 dropped since last notice)
2026-09-06 17:07:18 [WARN] Connection tracking queue full, dropping records (1500 dropped since last notice)
2026-09-06 17:07:18 [INFO] Connection tracking enabled, writing to /var/folders/n_/x083l1xx61s4y8_0wcf20bl40000gn/T/mcgate-tracking-test16412911759905808426/connections.db
2026-09-06 17:07:19 [INFO] Connection tracking enabled, writing to /var/folders/n_/x083l1xx61s4y8_0wcf20bl40000gn/T/mcgate-tracking-test12009814370762595485/connections.db
2026-09-06 17:07:19 [INFO] Connection tracking enabled, writing to /var/folders/n_/x083l1xx61s4y8_0wcf20bl40000gn/T/mcgate-tracking-test16601099030993065359/connections.db
2026-09-06 17:07:19 [INFO] Connection tracking enabled, writing to /var/folders/n_/x083l1xx61s4y8_0wcf20bl40000gn/T/mcgate-tracking-test9093805134386600079/connections.db
2026-09-06 17:07:19 [INFO] Connection tracking enabled, writing to /var/folders/n_/x083l1xx61s4y8_0wcf20bl40000gn/T/mcgate-tracking-test2101766611907473285/connections.db
2026-09-06 17:08:02 [INFO] Stats logging enabled, writing to /var/folders/n_/x083l1xx61s4y8_0wcf20bl40000gn/T/mcgate-stats-test2489302349411210145/stats.db every 100ms
2026-09-06 17:08:02 [INFO] Stats logging enabled, writing to /var/folders/n_/x083l1xx61s4y8_0wcf20bl40000gn/T/mcgate-stats-test5498997899216259121/stats.db every 100ms
2026-09-06 17:08:02 [INFO] Stats logging enabled, writing to /var/folders/n_/x083l1xx61s4y8_0wcf20bl40000gn/T/mcgate-stats-test8685323265706051484/stats.db every 30ms
2026-09-06 17:08:12 [INFO] Connection tracking enabled, writing to /var/folders/n_/x083l1xx61s4y8_0wcf20bl40000gn/T/mcgate-tracking-test5309982820714999931/connections.db
2026-09-06 17:08:12 [WARN] Connection tracking queue full, dropping records (1 dropped since last notice)
2026-09-06 17:08:12 [WARN] Connection tracking queue full, dropping records (500 dropped since last notice)
2026-09-06 17:08:12 [WARN] Connection tracking queue full, dropping records (1000 dropped since last notice)
2026-09-06 17:08:13 [INFO] Connection tracking enabled, writing to /var/folders/n_/x083l1xx61s4y8_0wcf20bl40000gn/T/mcgate-tracking-test7949054345054059041/connections.db
2026-09-06 17:08:13 [INFO] Connection tracking enabled, writing to /var/folders/n_/x083l1xx61s4y8_0wcf20bl40000gn/T/mcgate-tracking-test3204646876842455387/connections.db
2026-09-06 17:08:13 [INFO] Connection tracking enabled, writing to /var/folders/n_/x083l1xx61s4y8_0wcf20bl40000gn/T/mcgate-tracking-test4722332819783389364/connections.db
2026-09-06 17:08:13 [INFO] Connection tracking enabled, writing to /var/folders/n_/x083l1xx61s4y8_0wcf20bl40000gn/T/mcgate-tracking-test4627371249912207025/connections.db
2026-09-06 17:08:13 [INFO] Connection tracking enabled, writing to /var/folders/n_/x083l1xx61s4y8_0wcf20bl40000gn/T/mcgate-tracking-test15714587437601128702/connections.db
2026-09-06 17:08:20 [INFO] Stats logging enabled, writing to /var/folders/n_/x083l1xx61s4y8_0wcf20bl40000gn/T/mcgate-stats-test15936542453411701027/stats.db every 100ms
2026-09-06 17:08:20 [INFO] Stats logging enabled, writing to /var/folders/n_/x083l1xx61s4y8_0wcf20bl40000gn/T/mcgate-stats-test836231434603553285/stats.db every 100ms
2026-09-06 17:08:21 [INFO] Stats logging enabled, writing to /var/folders/n_/x083l1xx61s4y8_0wcf20bl40000gn/T/mcgate-stats-test10254323021492650513/stats.db every 30ms
2026-09-06 17:08:31 [INFO] Connection tracking enabled, writing to /var/folders/n_/x083l1xx61s4y8_0wcf20bl40000gn/T/mcgate-tracking-test10598055642246172629/connections.db
2026-09-06 17:08:31 [WARN] Connection tracking queue full, dropping records (1 dropped since last notice)
2026-09-06 17:08:31 [WARN] Connection tracking queue full, dropping records (500 dropped since last notice)
2026-09-06 17:08:31 [WARN] Connection tracking queue full, dropping records (1000 dropped since last notice)
2026-09-06 17:08:31 [INFO] Connection tracking enabled, writing to /var/folders/n_/x083l1xx61s4y8_0wcf20bl40000gn/T/mcgate-tracking-test6143952640385971045/connections.db
2026-09-06 17:08:31 [INFO] Connection tracking enabled, writing to /var/folders/n_/x083l1xx61s4y8_0wcf20bl40000gn/T/mcgate-tracking-test16719061054971868965/connections.db
2026-09-06 17:08:31 [INFO] Connection tracking enabled, writing to /var/folders/n_/x083l1xx61s4y8_0wcf20bl40000gn/T/mcgate-tracking-test8967940104316934150/connections.db
2026-09-06 17:08:31 [INFO] Connection tracking enabled, writing to /var/folders/n_/x083l1xx61s4y8_0wcf20bl40000gn/T/mcgate-tracking-test7574591549576817044/connections.db
2026-09-06 17:08:32 [INFO] Connection tracking enabled, writing to /var/folders/n_/x083l1xx61s4y8_0wcf20bl40000gn/T/mcgate-tracking-test4792048534839279917/connections.db
2026-09-06 17:11:09 [INFO] Stats logging enabled, writing to /var/folders/n_/x083l1xx61s4y8_0wcf20bl40000gn/T/mcgate-stats-test8869396059584511640/stats.db every 100ms
2026-09-06 17:11:10 [INFO] Stats logging enabled, writing to /var/folders/n_/x083l1xx61s4y8_0wcf20bl40000gn/T/mcgate-stats-test16967107497328215359/stats.db every 100ms
2026-09-06 17:11:10 [INFO] Stats logging enabled, writing to /var/folders/n_/x083l1xx61s4y8_0wcf20bl40000gn/T/mcgate-stats-test13010457412668061340/stats.db every 30ms
2026-09-06 17:11:20 [INFO] Connection tracking enabled, writing to /var/folders/n_/x083l1xx61s4y8_0wcf20bl40000gn/T/mcgate-tracking-test3909152964472791277/connections.db
2026-09-06 17:11:20 [WARN] Connection tracking queue full, dropping records (1 dropped since last notice)
2026-09-06 17:11:20 [WARN] Connection tracking queue full, dropping records (500 dropped since last notice)
2026-09-06 17:11:20 [WARN] Connection tracking queue full, dropping records (1000 dropped since last notice)
2026-09-06 17:11:20 [INFO] Connection tracking enabled, writing to /var/folders/n_/x083l1xx61s4y8_0wcf20bl40000gn/T/mcgate-tracking-test15437006657937375866/connections.db
2026-09-06 17:11:20 [INFO] Connection tracking enabled, writing to /var/folders/n_/x083l1xx61s4y8_0wcf20bl40000gn/T/mcgate-tracking-test8627451920639133920/connections.db
2026-09-06 17:11:20 [INFO] Connection tracking enabled, writing to /var/folders/n_/x083l1xx61s4y8_0wcf20bl40000gn/T/mcgate-tracking-test6917194945823653688/connections.db
2026-09-06 17:11:21 [INFO] Connection tracking enabled, writing to /var/folders/n_/x083l1xx61s4y8_0wcf20bl40000gn/T/mcgate-tracking-test17525778116146415639/connections.db
2026-09-06 17:11:21 [INFO] Connection tracking enabled, writing to /var/folders/n_/x083l1xx61s4y8_0wcf20bl40000gn/T/mcgate-tracking-test17196654892721879871/connections.db
